<?xml version="1.0" encoding="UTF-8"?>
<testsuites name="jest tests" tests="544" failures="0" errors="0" time="6.424">
  <testsuite name="tests\unit\app\(dashboard)\plans\explore\explorePlansPage.test.tsx" errors="0" failures="0" skipped="0" timestamp="2025-06-15T06:32:33" time="1.939" tests="4">
    <testcase classname="ExplorePlansPage" name="プランが正しく表示される" time="0.085">
    </testcase>
    <testcase classname="ExplorePlansPage" name="地域フィルターが機能する" time="0.028">
    </testcase>
    <testcase classname="ExplorePlansPage" name="カテゴリフィルターが機能する" time="0.031">
    </testcase>
    <testcase classname="ExplorePlansPage" name="APIエラー時にエラーメッセージが表示される" time="0.079">
    </testcase>
  </testsuite>
  <testsuite name="tests\unit\app\(dashboard)\plans\explore\page.test.tsx" errors="0" failures="0" skipped="0" timestamp="2025-06-15T06:32:33" time="2.005" tests="7">
    <testcase classname="ExplorePlansPage コンポーネント" name="ローディング中はスピナーが表示される" time="0.093">
    </testcase>
    <testcase classname="ExplorePlansPage コンポーネント" name="プランが正しく表示される" time="0.047">
    </testcase>
    <testcase classname="ExplorePlansPage コンポーネント" name="地域フィルターが機能する" time="0.032">
    </testcase>
    <testcase classname="ExplorePlansPage コンポーネント" name="カテゴリフィルターが機能する" time="0.027">
    </testcase>
    <testcase classname="ExplorePlansPage コンポーネント" name="フィルター条件に一致するプランがない場合、メッセージが表示される" time="0.031">
    </testcase>
    <testcase classname="ExplorePlansPage コンポーネント" name="APIエラー時にエラーメッセージが表示される" time="0.026">
    </testcase>
    <testcase classname="ExplorePlansPage コンポーネント" name="セッションがない場合、ローディングが終了する" time="0.031">
    </testcase>
  </testsuite>
  <testsuite name="tests\unit\app\(dashboard)\plans\[id]\edit\dashboardPlansEditPage.test.tsx" errors="0" failures="0" skipped="0" timestamp="2025-06-15T06:32:33" time="2.287" tests="3">
    <testcase classname="EditPlanPage コンポーネント" name="コンポーネントが正しくレンダリングされる" time="0.094">
    </testcase>
    <testcase classname="EditPlanPage コンポーネント" name="プランの更新が成功する" time="0.768">
    </testcase>
    <testcase classname="EditPlanPage コンポーネント" name="エラー発生時に適切に処理される" time="0.188">
    </testcase>
  </testsuite>
  <testsuite name="tests\unit\app\(dashboard)\plans\[id]\dashboardPlanDetailPage.test.tsx" errors="0" failures="0" skipped="0" timestamp="2025-06-15T06:32:33" time="2.403" tests="18">
    <testcase classname="PlanDetailPage コンポーネント" name="ロード中にスピナーが表示される" time="0.041">
    </testcase>
    <testcase classname="PlanDetailPage コンポーネント" name="プラン作成者の場合、編集系のボタンが表示される" time="0.155">
    </testcase>
    <testcase classname="PlanDetailPage コンポーネント" name="プラン作成者以外の場合、編集系のボタンが表示されない" time="0.053">
    </testcase>
    <testcase classname="PlanDetailPage コンポーネント" name="プラン作成者の場合、削除処理が実行できる" time="0.135">
    </testcase>
    <testcase classname="PlanDetailPage コンポーネント" name="削除確認ダイアログでキャンセルした場合、削除処理が実行されない" time="0.055">
    </testcase>
    <testcase classname="PlanDetailPage コンポーネント" name="プラン削除に失敗した場合、エラーメッセージが表示される" time="0.133">
    </testcase>
    <testcase classname="PlanDetailPage コンポーネント" name="プラン作成者の場合、公開設定ダイアログを開ける" time="0.077">
    </testcase>
    <testcase classname="PlanDetailPage コンポーネント" name="プランの詳細情報が正しく表示される" time="0.066">
    </testcase>
    <testcase classname="PlanDetailPage コンポーネント" name="プラン作成者以外でも詳細情報を閲覧できる" time="0.062">
    </testcase>
    <testcase classname="PlanDetailPage コンポーネント" name="セッションがない場合、プランデータを取得しない" time="0.058">
    </testcase>
    <testcase classname="PlanDetailPage コンポーネント" name="プランデータの取得に失敗した場合、プラン一覧ページにリダイレクトされる" time="0.061">
    </testcase>
    <testcase classname="PlanDetailPage コンポーネント" name="プランが見つからない場合、何も表示されない" time="0.062">
    </testcase>
    <testcase classname="PlanDetailPage コンポーネント" name="paramsの解決に失敗した場合、ローディング表示が継続される" time="0.002">
    </testcase>
    <testcase classname="PlanDetailPage コンポーネント" name="編集ボタンをクリックすると、編集ページに遷移する" time="0.066">
    </testcase>
    <testcase classname="PlanDetailPage コンポーネント" name="PublishDialogのonCloseコールバックが呼ばれると、ダイアログが閉じる" time="0.075">
    </testcase>
    <testcase classname="PlanDetailPage コンポーネント" name="場所URLのリンクがクリック可能であることを確認" time="0.061">
    </testcase>
    <testcase classname="PlanDetailPage コンポーネント" name="場所URLが設定されていない場合、「未設定」と表示される" time="0.064">
    </testcase>
    <testcase classname="PlanDetailPage コンポーネント" name="日付が設定されていない場合、「未設定」と表示される" time="0.031">
    </testcase>
  </testsuite>
  <testsuite name="tests\unit\app\(dashboard)\profile\dashboardprofilepage.test.tsx" errors="0" failures="0" skipped="0" timestamp="2025-06-15T06:32:35" time="0.61" tests="19">
    <testcase classname="ProfilePage コンポーネント" name="ローディング中は「読み込み中...」を表示する" time="0.004">
    </testcase>
    <testcase classname="ProfilePage コンポーネント" name="エラーが発生した場合はエラーメッセージを表示する" time="0.002">
    </testcase>
    <testcase classname="ProfilePage コンポーネント" name="セッションがない場合は「ログインが必要です」を表示する" time="0.002">
    </testcase>
    <testcase classname="ProfilePage コンポーネント" name="プロフィール情報が正しく表示される" time="0.007">
    </testcase>
    <testcase classname="ProfilePage コンポーネント" name="プロフィール更新が正しく動作する" time="0.044">
    </testcase>
    <testcase classname="ProfilePage コンポーネント" name="プロフィール更新が成功した場合、成功メッセージが表示される" time="0.024">
    </testcase>
    <testcase classname="ProfilePage コンポーネント" name="プロフィール更新でエラーが発生した場合、エラーメッセージが表示される" time="0.032">
    </testcase>
    <testcase classname="ProfilePage コンポーネント" name="アカウント削除ボタンをクリックすると確認ダイアログが表示される" time="0.026">
    </testcase>
    <testcase classname="ProfilePage コンポーネント" name="退会処理が正しく動作する" time="0.052">
    </testcase>
    <testcase classname="ProfilePage コンポーネント" name="退会処理が失敗した場合（成功フラグがfalse）、エラーメッセージが表示される" time="0.047">
    </testcase>
    <testcase classname="ProfilePage コンポーネント" name="退会処理でエラーが発生した場合、エラーメッセージが表示される" time="0.047">
    </testcase>
    <testcase classname="ProfilePage コンポーネント" name="退会処理でエラーオブジェクトがErrorインスタンスでない場合、デフォルトメッセージが表示される" time="0.045">
    </testcase>
    <testcase classname="ProfilePage コンポーネント" name="退会処理がキャンセルできる" time="0.027">
    </testcase>
    <testcase classname="ProfilePage コンポーネント" name="削除中は削除ボタンが無効化され、テキストが「削除中...」に変わる" time="0.035">
    </testcase>
    <testcase classname="ProfilePage コンポーネント" name="正常にレンダリングされる" time="0.004">
    </testcase>
    <testcase classname="ProfilePage コンポーネント" name="プロフィールの読み込み中にローディング表示がされる" time="0.001">
    </testcase>
    <testcase classname="ProfilePage コンポーネント" name="エラーが発生した場合にエラーメッセージが表示される" time="0.002">
    </testcase>
    <testcase classname="ProfilePage コンポーネント" name="ログイン中でプロフィールがnullの場合はローディング表示がされる" time="0.004">
    </testcase>
    <testcase classname="ProfilePage コンポーネント" name="useAuthのローディング中の場合はローディング表示がされる" time="0.001">
    </testcase>
  </testsuite>
  <testsuite name="tests\unit\app\(auth)\reset-password\reset-passwordpage.test.tsx" errors="0" failures="0" skipped="0" timestamp="2025-06-15T06:32:35" time="0.73" tests="12">
    <testcase classname="ResetPasswordPage コンポーネント" name="有効なセッションの場合、パスワードリセットフォームが表示されること" time="0.069">
    </testcase>
    <testcase classname="ResetPasswordPage コンポーネント" name="セッションはないがハッシュに type=recovery が含まれる場合、パスワードリセットフォームが表示されること" time="0.032">
    </testcase>
    <testcase classname="ResetPasswordPage コンポーネント" name="セッション取得時にエラーが発生した場合、エラーメッセージが表示されること" time="0.032">
    </testcase>
    <testcase classname="ResetPasswordPage コンポーネント" name="無効なセッションの場合、エラーメッセージが表示されること" time="0.032">
    </testcase>
    <testcase classname="ResetPasswordPage コンポーネント" name="無効なパスワードリセットリンクエラーの場合、パスワードリセットページへのリンクが表示されること" time="0.032">
    </testcase>
    <testcase classname="ResetPasswordPage コンポーネント" name="セッション確認でエラーが発生した場合、エラーメッセージが表示されること" time="0.013">
    </testcase>
    <testcase classname="ResetPasswordPage コンポーネント" name="パスワードが一致しない場合、エラーメッセージが表示されること" time="0.048">
    </testcase>
    <testcase classname="ResetPasswordPage コンポーネント" name="パスワードが短すぎる場合、エラーメッセージが表示されること" time="0.042">
    </testcase>
    <testcase classname="ResetPasswordPage コンポーネント" name="パスワード更新成功時に成功メッセージが表示され、ログインページにリダイレクトされること" time="0.026">
    </testcase>
    <testcase classname="ResetPasswordPage コンポーネント" name="パスワード更新失敗時にエラーメッセージが表示されること" time="0.055">
    </testcase>
    <testcase classname="ResetPasswordPage コンポーネント" name="Errorインスタンスでないエラーの場合、デフォルトエラーメッセージが表示されること" time="0.062">
    </testcase>
    <testcase classname="ResetPasswordPage コンポーネント" name="ローディング中はボタンが無効化され、テキストが「更新中...」に変わる" time="0.051">
    </testcase>
  </testsuite>
  <testsuite name="tests\unit\components\features\emergency\ToiletFinder.test.tsx" errors="0" failures="0" skipped="0" timestamp="2025-06-15T06:32:35" time="0.459" tests="10">
    <testcase classname="ToiletFinder" name="isOpen=falseの時は何も表示しない" time="0.005">
    </testcase>
    <testcase classname="ToiletFinder" name="isOpen=trueの時にモーダルが表示される" time="0.038">
    </testcase>
    <testcase classname="ToiletFinder" name="×ボタンをクリックするとonCloseが呼ばれる" time="0.005">
    </testcase>
    <testcase classname="ToiletFinder" name="位置情報が利用可能な場合の検索テスト" time="0.01">
    </testcase>
    <testcase classname="ToiletFinder" name="位置情報が拒否された場合のフォールバック処理" time="0.031">
    </testcase>
    <testcase classname="ToiletFinder" name="navigator.geolocationが利用できない場合" time="0.031">
    </testcase>
    <testcase classname="ToiletFinder" name="お手洗いリストが正しく表示される" time="0.021">
    </testcase>
    <testcase classname="ToiletFinder" name="Google マップリンクが正しく動作する" time="0.027">
    </testcase>
    <testcase classname="ToiletFinder" name="検索ボタンをクリックすると再検索される" time="0.03">
    </testcase>
    <testcase classname="ToiletFinder" name="検索中はローディング状態が表示される" time="0.047">
    </testcase>
  </testsuite>
  <testsuite name="tests\unit\app\not-found.test.tsx" errors="0" failures="0" skipped="0" timestamp="2025-06-15T06:32:36" time="0.495" tests="15">
    <testcase classname="NotFound コンポーネント › 基本要素の表示" name="404のタイトルが表示される" time="0.009">
    </testcase>
    <testcase classname="NotFound コンポーネント › 基本要素の表示" name="ページが見つかりませんというメッセージが表示される" time="0.004">
    </testcase>
    <testcase classname="NotFound コンポーネント › 基本要素の表示" name="説明文が表示される" time="0.005">
    </testcase>
    <testcase classname="NotFound コンポーネント › ナビゲーションリンク" name="ホームに戻るリンクが表示される" time="0.05">
    </testcase>
    <testcase classname="NotFound コンポーネント › ナビゲーションリンク" name="公開プランを見るリンクが表示される" time="0.027">
    </testcase>
    <testcase classname="NotFound コンポーネント › 人気のページセクション" name="人気のページというタイトルが表示される" time="0.004">
    </testcase>
    <testcase classname="NotFound コンポーネント › 人気のページセクション" name="緊急ヘルプ機能へのリンクが表示される" time="0.023">
    </testcase>
    <testcase classname="NotFound コンポーネント › 人気のページセクション" name="Couple Planとはページへのリンクが表示される" time="0.021">
    </testcase>
    <testcase classname="NotFound コンポーネント › 人気のページセクション" name="よくある質問へのリンクが表示される" time="0.028">
    </testcase>
    <testcase classname="NotFound コンポーネント › 人気のページセクション" name="お問い合わせへのリンクが表示される" time="0.026">
    </testcase>
    <testcase classname="NotFound コンポーネント › サポート情報" name="お問い合わせページへのリンクが表示される" time="0.03">
    </testcase>
    <testcase classname="NotFound コンポーネント › スタイリング" name="背景グラデーションのクラスが適用されている" time="0.007">
    </testcase>
    <testcase classname="NotFound コンポーネント › スタイリング" name="レスポンシブ対応のクラスが適用されている" time="0.005">
    </testcase>
    <testcase classname="NotFound コンポーネント › アクセシビリティ" name="適切な見出し構造を持つ" time="0.011">
    </testcase>
    <testcase classname="NotFound コンポーネント › アクセシビリティ" name="すべてのリンクが適切なアクセシブルな名前を持つ" time="0.031">
    </testcase>
  </testsuite>
  <testsuite name="tests\unit\app\(dashboard)\plans\[id]\edit\editPlanPage.test.tsx" errors="0" failures="0" skipped="0" timestamp="2025-06-15T06:32:33" time="2.962" tests="27">
    <testcase classname="EditPlanPage › ローディング状態" name="planIdが未解決の場合、ローディングスピナーを表示する" time="0.086">
    </testcase>
    <testcase classname="EditPlanPage › ローディング状態" name="データ取得中はローディングスピナーを表示する" time="0.009">
    </testcase>
    <testcase classname="EditPlanPage › フォーム表示" name="プラン情報がフォームに正しく設定される" time="0.085">
    </testcase>
    <testcase classname="EditPlanPage › フォーム表示" name="地域のセレクトボックスが正しく設定される" time="0.063">
    </testcase>
    <testcase classname="EditPlanPage › フォーム表示" name="場所が設定されていない場合も正しく表示される" time="0.046">
    </testcase>
    <testcase classname="EditPlanPage › フォーム表示" name="日付が設定されていない場合も正しく表示される" time="0.063">
    </testcase>
    <testcase classname="EditPlanPage › フォーム操作" name="タイトルを変更できる" time="0.078">
    </testcase>
    <testcase classname="EditPlanPage › フォーム操作" name="説明を変更できる" time="0.046">
    </testcase>
    <testcase classname="EditPlanPage › フォーム操作" name="予算を変更できる" time="0.062">
    </testcase>
    <testcase classname="EditPlanPage › フォーム操作" name="地域を変更できる" time="0.047">
    </testcase>
    <testcase classname="EditPlanPage › 場所管理" name="URLを追加ボタンで新しい場所を追加できる" time="0.064">
    </testcase>
    <testcase classname="EditPlanPage › 場所管理" name="場所のURLを変更できる" time="0.061">
    </testcase>
    <testcase classname="EditPlanPage › 場所管理" name="場所の名前を変更できる" time="0.062">
    </testcase>
    <testcase classname="EditPlanPage › 場所管理" name="削除ボタンで場所を削除できる" time="0.063">
    </testcase>
    <testcase classname="EditPlanPage › フォーム送信" name="正常にプランを更新できる" time="0.094">
    </testcase>
    <testcase classname="EditPlanPage › フォーム送信" name="フォーム送信中は保存ボタンが無効になる" time="0.078">
    </testcase>
    <testcase classname="EditPlanPage › フォーム送信" name="更新に失敗した場合エラーメッセージを表示する" time="0.095">
    </testcase>
    <testcase classname="EditPlanPage › フォーム送信" name="キャンセルボタンで前のページに戻る" time="0.062">
    </testcase>
    <testcase classname="EditPlanPage › エラーハンドリング" name="プラン取得に失敗した場合、プラン一覧にリダイレクトする" time="0.062">
    </testcase>
    <testcase classname="EditPlanPage › エラーハンドリング" name="セッションがない場合、ローディングを停止する" time="0.062">
    </testcase>
    <testcase classname="EditPlanPage › エラーハンドリング" name="プランが見つからない場合、エラーメッセージを表示する" time="0.062">
    </testcase>
    <testcase classname="EditPlanPage › エラーハンドリング" name="プランが見つからない場合のボタンクリックでプラン一覧に遷移する" time="0.061">
    </testcase>
    <testcase classname="EditPlanPage › エラーハンドリング" name="params解決に失敗した場合、プラン一覧にリダイレクトする" time="0.078">
    </testcase>
    <testcase classname="EditPlanPage › フォームバリデーション" name="必須フィールドのタイトルが空の場合、送信できない" time="0.077">
    </testcase>
    <testcase classname="EditPlanPage › フォームバリデーション" name="予算フィールドが負の値の場合、送信できない" time="0.062">
    </testcase>
    <testcase classname="EditPlanPage › 日付処理" name="日付がnullの場合、適切に処理される" time="0.079">
    </testcase>
    <testcase classname="EditPlanPage › 日付処理" name="新しい日付を設定できる" time="0.093">
    </testcase>
  </testsuite>
  <testsuite name="tests\unit\app\(auth)\forgot-password\forgot-passwordpage.test.tsx" errors="0" failures="0" skipped="0" timestamp="2025-06-15T06:32:36" time="0.528" tests="8">
    <testcase classname="ForgotPasswordPage コンポーネント" name="パスワードリセットフォームが正しくレンダリングされること" time="0.032">
    </testcase>
    <testcase classname="ForgotPasswordPage コンポーネント" name="メールアドレスを入力できること" time="0.006">
    </testcase>
    <testcase classname="ForgotPasswordPage コンポーネント" name="パスワードリセット成功時に成功メッセージが表示されること" time="0.039">
    </testcase>
    <testcase classname="ForgotPasswordPage コンポーネント" name="レスポンスにメッセージがない場合、デフォルトメッセージが表示されること" time="0.048">
    </testcase>
    <testcase classname="ForgotPasswordPage コンポーネント" name="パスワードリセット失敗時にエラーメッセージが表示されること" time="0.044">
    </testcase>
    <testcase classname="ForgotPasswordPage コンポーネント" name="エラーレスポンスにエラーメッセージがない場合、デフォルトエラーメッセージが表示されること" time="0.045">
    </testcase>
    <testcase classname="ForgotPasswordPage コンポーネント" name="ネットワークエラー時にエラーメッセージが表示されること" time="0.051">
    </testcase>
    <testcase classname="ForgotPasswordPage コンポーネント" name="Errorインスタンスでないエラーの場合、デフォルトエラーメッセージが表示されること" time="0.024">
    </testcase>
  </testsuite>
  <testsuite name="tests\unit\app\(dashboard)\plans\[id]\planDetailPage.test.tsx" errors="0" failures="0" skipped="0" timestamp="2025-06-15T06:32:33" time="3.151" tests="33">
    <testcase classname="PlanDetailPage › ローディング状態" name="planIdが未解決の場合、ローディングスピナーを表示する" time="0.091">
    </testcase>
    <testcase classname="PlanDetailPage › ローディング状態" name="データ取得中はローディングスピナーを表示する" time="0.009">
    </testcase>
    <testcase classname="PlanDetailPage › プラン表示" name="プランの基本情報を表示する" time="0.094">
    </testcase>
    <testcase classname="PlanDetailPage › プラン表示" name="場所URLを正しく表示する" time="0.062">
    </testcase>
    <testcase classname="PlanDetailPage › プラン表示" name="日付を正しい形式で表示する" time="0.056">
    </testcase>
    <testcase classname="PlanDetailPage › プラン表示" name="作成日と更新日を表示する" time="0.053">
    </testcase>
    <testcase classname="PlanDetailPage › プラン所有者の表示" name="所有者の場合、編集・削除・公開設定ボタンを表示する" time="0.062">
    </testcase>
    <testcase classname="PlanDetailPage › プラン所有者の表示" name="編集ボタンクリックで編集ページに遷移する" time="0.061">
    </testcase>
    <testcase classname="PlanDetailPage › プラン所有者の表示" name="公開設定ボタンクリックで公開ダイアログを開く" time="0.063">
    </testcase>
    <testcase classname="PlanDetailPage › 他のユーザーからの表示" name="他のユーザーの場合、「このプランから作成」ボタンを表示する" time="0.053">
    </testcase>
    <testcase classname="PlanDetailPage › プラン削除" name="削除確認でキャンセルした場合、削除されない" time="0.056">
    </testcase>
    <testcase classname="PlanDetailPage › プラン削除" name="削除確認でOKした場合、プランを削除してリダイレクトする" time="0.078">
    </testcase>
    <testcase classname="PlanDetailPage › プラン削除" name="削除に失敗した場合、エラーメッセージを表示する" time="0.078">
    </testcase>
    <testcase classname="PlanDetailPage › プラン作成（コピー）" name="「このプランから作成」ボタンで新しいプランを作成する" time="0.077">
    </testcase>
    <testcase classname="PlanDetailPage › プラン作成（コピー）" name="プラン作成に失敗した場合、エラーメッセージを表示する" time="0.078">
    </testcase>
    <testcase classname="PlanDetailPage › プラン作成（コピー）" name="APIレスポンスにIDがない場合、エラーメッセージを表示する" time="0.079">
    </testcase>
    <testcase classname="PlanDetailPage › エラーハンドリング" name="プラン取得に失敗した場合、プラン一覧にリダイレクトする" time="0.062">
    </testcase>
    <testcase classname="PlanDetailPage › エラーハンドリング" name="セッションがない場合、ローディングを停止して空の状態を表示する" time="0.062">
    </testcase>
    <testcase classname="PlanDetailPage › エラーハンドリング" name="プランがnullの場合、空のdivを表示する" time="0.015">
    </testcase>
    <testcase classname="PlanDetailPage › 地域表示" name="地域がtokyoの場合、東京を表示する" time="0.047">
    </testcase>
    <testcase classname="PlanDetailPage › 地域表示" name="地域がosakaの場合、大阪を表示する" time="0.063">
    </testcase>
    <testcase classname="PlanDetailPage › 地域表示" name="地域がkyotoの場合、京都を表示する" time="0.062">
    </testcase>
    <testcase classname="PlanDetailPage › 地域表示" name="地域がfukuokaの場合、福岡を表示する" time="0.045">
    </testcase>
    <testcase classname="PlanDetailPage › 地域表示" name="地域がsapporoの場合、札幌を表示する" time="0.062">
    </testcase>
    <testcase classname="PlanDetailPage › 地域表示" name="地域がnagoyaの場合、名古屋を表示する" time="0.063">
    </testcase>
    <testcase classname="PlanDetailPage › 地域表示" name="地域がyokohamaの場合、横浜を表示する" time="0.061">
    </testcase>
    <testcase classname="PlanDetailPage › 地域表示" name="地域がkobeの場合、神戸を表示する" time="0.062">
    </testcase>
    <testcase classname="PlanDetailPage › 地域表示" name="地域がotherの場合、その他を表示する" time="0.048">
    </testcase>
    <testcase classname="PlanDetailPage › 地域表示" name="地域がunknownの場合、何も表示されない" time="0.062">
    </testcase>
    <testcase classname="PlanDetailPage › 地域表示" name="地域がnullの場合、「未設定」を表示する" time="0.062">
    </testcase>
    <testcase classname="PlanDetailPage › 日付表示" name="日付がnullの場合、「未設定」を表示する" time="0.047">
    </testcase>
    <testcase classname="PlanDetailPage › 場所表示" name="場所がない場合、「未設定」を表示する" time="0.062">
    </testcase>
    <testcase classname="PlanDetailPage › 場所表示" name="場所がnullの場合、「未設定」を表示する" time="0.062">
    </testcase>
  </testsuite>
  <testsuite name="tests\unit\app\(dashboard)\plans\dashboardPlansPage.test.tsx" errors="0" failures="0" skipped="0" timestamp="2025-06-15T06:32:36" time="0.471" tests="10">
    <testcase classname="MyPlansPage コンポーネント" name="ロード中はスピナーが表示される" time="0.012">
    </testcase>
    <testcase classname="MyPlansPage コンポーネント" name="セッションがない場合、APIが呼ばれずにローディング状態が解除される" time="0.023">
    </testcase>
    <testcase classname="MyPlansPage コンポーネント" name="APIエラーが発生した場合、エラーがログに出力され、ローディング状態が解除される" time="0.03">
    </testcase>
    <testcase classname="MyPlansPage コンポーネント" name="APIレスポンスにエラーが含まれる場合、エラーがログに出力される" time="0.031">
    </testcase>
    <testcase classname="MyPlansPage コンポーネント" name="APIレスポンスにdataフィールドがない場合、空の配列が使用される" time="0.016">
    </testcase>
    <testcase classname="MyPlansPage コンポーネント" name="プランが存在しない場合、適切なメッセージと新規作成ボタンが表示され、ボタン押下で /plans/new に遷移する" time="0.031">
    </testcase>
    <testcase classname="MyPlansPage コンポーネント" name="プランが存在する場合、PlanCard がレンダリングされる" time="0.029">
    </testcase>
    <testcase classname="MyPlansPage コンポーネント" name="ヘッダーの新規プラン作成ボタンをクリックすると、/plans/new に遷移する" time="0.034">
    </testcase>
    <testcase classname="MyPlansPage コンポーネント" name="WeatherOutfitCardが表示されない（SOS機能に移動されたため）" time="0.014">
    </testcase>
    <testcase classname="MyPlansPage コンポーネント" name="EmergencyButtonが正しく表示される" time="0.031">
    </testcase>
  </testsuite>
  <testsuite name="tests\unit\app\(auth)\signup\signup.test.tsx" errors="0" failures="0" skipped="0" timestamp="2025-06-15T06:32:36" time="0.411" tests="3">
    <testcase classname="SignUpPage コンポーネント" name="サインアップフォームが正しくレンダリングされること" time="0.027">
    </testcase>
    <testcase classname="SignUpPage コンポーネント" name="サインアップ成功時に、メール確認待ちページへリダイレクトされること" time="0.049">
    </testcase>
    <testcase classname="SignUpPage コンポーネント" name="サインアップ失敗時にエラーメッセージが表示されること" time="0.093">
    </testcase>
  </testsuite>
  <testsuite name="tests\unit\components\features\plans\PublishDialog.test.tsx" errors="0" failures="0" skipped="0" timestamp="2025-06-15T06:32:36" time="0.486" tests="7">
    <testcase classname="PublishDialog" name="isOpen=falseの場合、何も表示しない" time="0.008">
    </testcase>
    <testcase classname="PublishDialog" name="非公開プランの場合、公開確認メッセージを表示する" time="0.062">
    </testcase>
    <testcase classname="PublishDialog" name="公開プランの場合、非公開確認メッセージを表示する" time="0.011">
    </testcase>
    <testcase classname="PublishDialog" name="公開設定を更新できる" time="0.081">
    </testcase>
    <testcase classname="PublishDialog" name="キャンセルボタンでダイアログを閉じる" time="0.013">
    </testcase>
    <testcase classname="PublishDialog" name="更新中はボタンを無効化する" time="0.024">
    </testcase>
    <testcase classname="PublishDialog" name="APIエラー時にエラーメッセージを表示する" time="0.052">
    </testcase>
  </testsuite>
  <testsuite name="tests\unit\components\features\emergency\ConversationHelper.test.tsx" errors="0" failures="0" skipped="0" timestamp="2025-06-15T06:32:36" time="0.394" tests="13">
    <testcase classname="ConversationHelper" name="isOpen=falseの時は何も表示しない" time="0.004">
    </testcase>
    <testcase classname="ConversationHelper" name="isOpen=trueの時にモーダルが表示される" time="0.009">
    </testcase>
    <testcase classname="ConversationHelper" name="×ボタンをクリックするとonCloseが呼ばれる" time="0.008">
    </testcase>
    <testcase classname="ConversationHelper" name="カテゴリ選択画面で全てのカテゴリが表示される" time="0.011">
    </testcase>
    <testcase classname="ConversationHelper" name="カテゴリを選択すると話題生成画面に遷移する" time="0.013">
    </testcase>
    <testcase classname="ConversationHelper" name="カテゴリに戻るボタンが正しく動作する" time="0.018">
    </testcase>
    <testcase classname="ConversationHelper" name="話題生成ボタンをクリックすると正しく話題が生成される" time="0.017">
    </testcase>
    <testcase classname="ConversationHelper" name="説明がない話題も正しく表示される" time="0.014">
    </testcase>
    <testcase classname="ConversationHelper" name="使い方のコツが表示される" time="0.012">
    </testcase>
    <testcase classname="ConversationHelper" name="ローディング中は生成ボタンが無効化される" time="0.018">
    </testcase>
    <testcase classname="ConversationHelper" name="複数回話題生成が可能" time="0.019">
    </testcase>
    <testcase classname="ConversationHelper" name="カテゴリごとの説明文が正しく表示される" time="0.021">
    </testcase>
    <testcase classname="ConversationHelper" name="各カテゴリの適切なアイコンが表示される" time="0.01">
    </testcase>
  </testsuite>
  <testsuite name="tests\unit\app\plans\public\page.test.tsx" errors="0" failures="0" skipped="0" timestamp="2025-06-15T06:32:36" time="0.464" tests="6">
    <testcase classname="PublicPlansPage コンポーネント" name="ローディング中はスピナーが表示されること" time="0.056">
    </testcase>
    <testcase classname="PublicPlansPage コンポーネント" name="プラン一覧が正しく表示されること" time="0.041">
    </testcase>
    <testcase classname="PublicPlansPage コンポーネント" name="地域フィルターが機能すること" time="0.017">
    </testcase>
    <testcase classname="PublicPlansPage コンポーネント" name="カテゴリフィルターが機能すること" time="0.017">
    </testcase>
    <testcase classname="PublicPlansPage コンポーネント" name="プランが存在しない場合のメッセージが表示されること" time="0.03">
    </testcase>
    <testcase classname="PublicPlansPage コンポーネント" name="APIエラー時にエラーメッセージが表示されること" time="0.021">
    </testcase>
  </testsuite>
  <testsuite name="tests\unit\components\features\emergency\EmergencyButton.test.tsx" errors="0" failures="0" skipped="0" timestamp="2025-06-15T06:32:36" time="0.47" tests="8">
    <testcase classname="EmergencyButton" name="緊急ヘルプボタンが正しく表示される" time="0.007">
    </testcase>
    <testcase classname="EmergencyButton" name="メインボタンをクリックするとメニューが表示される" time="0.01">
    </testcase>
    <testcase classname="EmergencyButton" name="天気・服装ボタンをクリックするとWeatherOutfitModalが開く" time="0.032">
    </testcase>
    <testcase classname="EmergencyButton" name="お手洗い検索ボタンをクリックするとToiletFinderモーダルが開く" time="0.029">
    </testcase>
    <testcase classname="EmergencyButton" name="会話ネタボタンをクリックするとConversationHelperモーダルが開く" time="0.031">
    </testcase>
    <testcase classname="EmergencyButton" name="モーダルが開いている状態で閉じるボタンをクリックすると正しく閉じる" time="0.045">
    </testcase>
    <testcase classname="EmergencyButton" name="天気・服装モーダルが開いている状態で閉じるボタンをクリックすると正しく閉じる" time="0.047">
    </testcase>
    <testcase classname="EmergencyButton" name="メインボタンクリック時にrotate-45クラスが適用される" time="0.031">
    </testcase>
  </testsuite>
  <testsuite name="tests\unit\components\features\plans\PlanList.test.tsx" errors="0" failures="0" skipped="0" timestamp="2025-06-15T06:32:36" time="0.464" tests="9">
    <testcase classname="PlanList" name="ローディング中はスケルトンを表示する" time="0.006">
    </testcase>
    <testcase classname="PlanList" name="プランが0件の場合、メッセージと作成リンクを表示する" time="0.036">
    </testcase>
    <testcase classname="PlanList" name="プラン一覧を表示する" time="0.016">
    </testcase>
    <testcase classname="PlanList" name="他のユーザーのプランには公開プランバッジを表示する" time="0.03">
    </testcase>
    <testcase classname="PlanList" name="APIエラー時にコンソールエラーを出力する" time="0.031">
    </testcase>
    <testcase classname="PlanList" name="セッションがない場合、何も表示しない" time="0.017">
    </testcase>
    <testcase classname="PlanList" name="プランの詳細情報（日付、場所）を正しく表示する" time="0.016">
    </testcase>
    <testcase classname="PlanList" name="APIからエラーレスポンスが返された場合を処理する" time="0.031">
    </testcase>
    <testcase classname="PlanList" name="説明がないプランを正しく表示する" time="0.031">
    </testcase>
  </testsuite>
  <testsuite name="tests\unit\components\features\plans\PlanCard.test.tsx" errors="0" failures="0" skipped="0" timestamp="2025-06-15T06:32:36" time="1.039" tests="16">
    <testcase classname="PlanCard" name="プランの基本情報が正しく表示される" time="0.034">
    </testcase>
    <testcase classname="PlanCard" name="日付が正しくフォーマットされて表示される" time="0.006">
    </testcase>
    <testcase classname="PlanCard" name="日付がnullの場合、日時の項目が表示されない" time="0.005">
    </testcase>
    <testcase classname="PlanCard" name="場所URLが正しく表示され、クリック可能である" time="0.02">
    </testcase>
    <testcase classname="PlanCard" name="場所が空の場合、代替テキストが表示される" time="0.003">
    </testcase>
    <testcase classname="PlanCard" name="カードをクリックすると詳細ページに遷移する" time="0.006">
    </testcase>
    <testcase classname="PlanCard" name="公開/非公開の切り替えボタンが正しく動作する" time="0.022">
    </testcase>
    <testcase classname="PlanCard" name="公開/非公開の切り替えボタンをクリックしてもカード全体のクリックイベントが発火しない" time="0.013">
    </testcase>
    <testcase classname="PlanCard" name="場所URLをクリックしてもカード全体のクリックイベントが発火しない" time="0.011">
    </testcase>
    <testcase classname="PlanCard" name="公開ページでは公開/非公開の切り替えボタンが表示されない" time="0.004">
    </testcase>
    <testcase classname="PlanCard" name="公開中のプランでは「公開中」ボタンが表示される" time="0.012">
    </testcase>
    <testcase classname="PlanCard" name="プロフィール名がnullの場合、「不明」と表示される" time="0.004">
    </testcase>
    <testcase classname="PlanCard" name="プロフィールがnullの場合、「不明」と表示される" time="0.007">
    </testcase>
    <testcase classname="PlanCard" name="いいねの初期状態が正しく設定される（いいね済み）" time="0.008">
    </testcase>
    <testcase classname="PlanCard" name="いいねの数が_countにない場合、0として表示される" time="0.01">
    </testcase>
    <testcase classname="PlanCard" name="onPublishToggleがnullの場合、公開/非公開ボタンが表示されない" time="0.004">
    </testcase>
  </testsuite>
  <testsuite name="tests\unit\app\(auth)\login\login.test.tsx" errors="0" failures="0" skipped="0" timestamp="2025-06-15T06:32:37" time="0.301" tests="3">
    <testcase classname="LoginPage コンポーネント" name="ログインフォームが正しくレンダリングされること" time="0.017">
    </testcase>
    <testcase classname="LoginPage コンポーネント" name="ログイン成功時に /plans へリダイレクトされること" time="0.043">
    </testcase>
    <testcase classname="LoginPage コンポーネント" name="ログイン失敗時にエラーメッセージが表示されること" time="0.032">
    </testcase>
  </testsuite>
  <testsuite name="tests\unit\contexts\AuthContext.test.tsx" errors="0" failures="0" skipped="0" timestamp="2025-06-15T06:32:37" time="0.287" tests="9">
    <testcase classname="AuthContext" name="初期状態ではローディング中" time="0.008">
    </testcase>
    <testcase classname="AuthContext" name="セッションがある場合、ユーザー情報を表示" time="0.01">
    </testcase>
    <testcase classname="AuthContext" name="認証状態の変更を監視" time="0.005">
    </testcase>
    <testcase classname="AuthContext" name="コンポーネントのアンマウント時にサブスクリプションを解除" time="0.001">
    </testcase>
    <testcase classname="AuthContext" name="セッション取得に失敗した場合もローディングを完了" time="0.025">
    </testcase>
    <testcase classname="AuthContext" name="signOut関数が正しく動作する" time="0.004">
    </testcase>
    <testcase classname="AuthContext" name="signOutでエラーが発生した場合、コンソールにエラーを出力" time="0.003">
    </testcase>
    <testcase classname="AuthContext" name="AuthProviderがisLoadingの状態を正しく管理する" time="0.014">
    </testcase>
    <testcase classname="AuthContext" name="マウント解除後にセッション更新が行われない" time="0.002">
    </testcase>
  </testsuite>
  <testsuite name="tests\unit\components\features\dashboard\Navbar.test.tsx" errors="0" failures="0" skipped="0" timestamp="2025-06-15T06:32:37" time="0.507" tests="7">
    <testcase classname="Navbar" name="デスクトップ表示で全てのナビゲーションリンクとログアウトボタンが表示される" time="0.044">
    </testcase>
    <testcase classname="Navbar" name="モバイル表示でハンバーガーメニューをクリックするとメニューが開閉する" time="0.076">
    </testcase>
    <testcase classname="Navbar" name="ログアウトボタンをクリックするとログアウト処理が実行される" time="0.015">
    </testcase>
    <testcase classname="Navbar" name="モバイルメニューのリンクをクリックするとメニューが閉じる" time="0.031">
    </testcase>
    <testcase classname="Navbar" name="モバイルメニューのログアウトボタンをクリックするとログアウト処理が実行される" time="0.042">
    </testcase>
    <testcase classname="Navbar" name="ログアウト処理でエラーが発生した場合も、ホームページにリダイレクトされる" time="0.022">
    </testcase>
    <testcase classname="Navbar" name="ログアウト処理で例外が投げられた場合も、ホームページにリダイレクトされる" time="0.016">
    </testcase>
  </testsuite>
  <testsuite name="tests\unit\components\features\plans\LikeButton.test.tsx" errors="0" failures="0" skipped="0" timestamp="2025-06-15T06:32:37" time="0.319" tests="7">
    <testcase classname="LikeButton" name="初期状態が正しく表示される（いいねなし）" time="0.018">
    </testcase>
    <testcase classname="LikeButton" name="初期状態が正しく表示される（いいねあり）" time="0.005">
    </testcase>
    <testcase classname="LikeButton" name="未ログイン状態ではボタンが無効化される" time="0.003">
    </testcase>
    <testcase classname="LikeButton" name="いいねを追加できる" time="0.034">
    </testcase>
    <testcase classname="LikeButton" name="いいねを削除できる" time="0.031">
    </testcase>
    <testcase classname="LikeButton" name="ローディング中はボタンが無効化される" time="0.005">
    </testcase>
    <testcase classname="LikeButton" name="APIエラー時にコンソールエラーが出力される" time="0.006">
    </testcase>
  </testsuite>
  <testsuite name="tests\unit\hooks\useProfile.test.ts" errors="0" failures="0" skipped="0" timestamp="2025-06-15T06:32:37" time="0.307" tests="14">
    <testcase classname="useProfile" name="初期状態ではローディング中で、プロフィールはnull" time="0.018">
    </testcase>
    <testcase classname="useProfile" name="プロフィール取得に成功した場合、プロフィールが設定される" time="0.003">
    </testcase>
    <testcase classname="useProfile" name="プロフィール取得に失敗した場合、エラーが設定される" time="0.011">
    </testcase>
    <testcase classname="useProfile" name="セッションがない場合、プロフィールは取得されない" time="0.002">
    </testcase>
    <testcase classname="useProfile" name="プロフィール更新が成功した場合、新しいプロフィールが設定される" time="0.003">
    </testcase>
    <testcase classname="useProfile" name="プロフィール更新が失敗した場合、エラーが返される" time="0.008">
    </testcase>
    <testcase classname="useProfile" name="認証情報がない場合、プロフィール更新を実行できない" time="0.007">
    </testcase>
    <testcase classname="useProfile" name="アカウント削除が成功した場合、trueを返す" time="0.002">
    </testcase>
    <testcase classname="useProfile" name="アカウント削除が失敗した場合、falseを返す" time="0.005">
    </testcase>
    <testcase classname="useProfile" name="認証情報がない場合、アカウント削除を実行できない" time="0.003">
    </testcase>
    <testcase classname="useProfile" name="非Errorオブジェクトがスローされた場合も適切に処理される（fetchProfile）" time="0.005">
    </testcase>
    <testcase classname="useProfile" name="非Errorオブジェクトがスローされた場合も適切に処理される（updateProfile）" time="0.004">
    </testcase>
    <testcase classname="useProfile" name="非Errorオブジェクトがスローされた場合も適切に処理される（deleteAccount）" time="0.005">
    </testcase>
    <testcase classname="useProfile" name="fetchProfileを手動で呼び出すことができる" time="0.002">
    </testcase>
  </testsuite>
  <testsuite name="tests\unit\components\features\emergency\WeatherOutfitModal.test.tsx" errors="0" failures="0" skipped="0" timestamp="2025-06-15T06:32:37" time="0.298" tests="12">
    <testcase classname="WeatherOutfitModal" name="isOpen=falseの場合、モーダルが表示されない" time="0.005">
    </testcase>
    <testcase classname="WeatherOutfitModal" name="isOpen=trueの場合、モーダルが表示される" time="0.008">
    </testcase>
    <testcase classname="WeatherOutfitModal" name="モーダルのヘッダーに正しいタイトルとアイコンが表示される" time="0.005">
    </testcase>
    <testcase classname="WeatherOutfitModal" name="WeatherOutfitCardコンポーネントがレンダリングされる" time="0.004">
    </testcase>
    <testcase classname="WeatherOutfitModal" name="XボタンをクリックするとonCloseが呼ばれる" time="0.004">
    </testcase>
    <testcase classname="WeatherOutfitModal" name="フッターの閉じるボタンをクリックするとonCloseが呼ばれる" time="0.004">
    </testcase>
    <testcase classname="WeatherOutfitModal" name="バックドロップをクリックするとonCloseが呼ばれる" time="0.005">
    </testcase>
    <testcase classname="WeatherOutfitModal" name="適切なCSSSクラスが適用されている" time="0.01">
    </testcase>
    <testcase classname="WeatherOutfitModal" name="閉じるボタンにホバーエフェクトのクラスが適用されている" time="0.004">
    </testcase>
    <testcase classname="WeatherOutfitModal" name="フッターの閉じるボタンに適切なスタイルが適用されている" time="0.006">
    </testcase>
    <testcase classname="WeatherOutfitModal" name="モーダルがスクロール可能である" time="0.005">
    </testcase>
    <testcase classname="WeatherOutfitModal" name="レスポンシブ対応のクラスが適用されている" time="0.004">
    </testcase>
  </testsuite>
  <testsuite name="tests\unit\components\ui\button.test.tsx" errors="0" failures="0" skipped="0" timestamp="2025-06-15T06:32:37" time="0.271" tests="6">
    <testcase classname="Button" name="デフォルトのvariantとsizeでレンダリングされる" time="0.018">
    </testcase>
    <testcase classname="Button" name="secondary variantが適用される" time="0.011">
    </testcase>
    <testcase classname="Button" name="outline variantが適用される" time="0.011">
    </testcase>
    <testcase classname="Button" name="サイズバリエーションが適用される" time="0.009">
    </testcase>
    <testcase classname="Button" name="カスタムクラス名が適用される" time="0.004">
    </testcase>
    <testcase classname="Button" name="その他のボタンpropsが適用される" time="0.002">
    </testcase>
  </testsuite>
  <testsuite name="tests\unit\components\AdSense.test.tsx" errors="0" failures="0" skipped="0" timestamp="2025-06-15T06:32:37" time="0.277" tests="7">
    <testcase classname="AdSense Components › AdSense" name="基本的なAdSense要素をレンダリングする" time="0.005">
    </testcase>
    <testcase classname="AdSense Components › AdSense" name="カスタムプロパティを正しく設定する" time="0.013">
    </testcase>
    <testcase classname="AdSense Components › AdSense" name="adsbygoogleが存在する場合にpushを呼び出す" time="0.001">
    </testcase>
    <testcase classname="AdSense Components › AdSense" name="adsbygoogleでエラーが発生してもクラッシュしない" time="0.002">
    </testcase>
    <testcase classname="AdSense Components › BannerAd" name="バナー広告用の設定でレンダリングする" time="0.005">
    </testcase>
    <testcase classname="AdSense Components › SquareAd" name="正方形広告用の設定でレンダリングする" time="0.005">
    </testcase>
    <testcase classname="AdSense Components › ResponsiveAd" name="レスポンシブ広告用の設定でレンダリングする" time="0.009">
    </testcase>
  </testsuite>
  <testsuite name="tests\unit\app\plans\new\page.test.tsx" errors="0" failures="0" skipped="0" timestamp="2025-06-15T06:32:33" time="4.293" tests="6">
    <testcase classname="NewPlanPage" name="フォームの初期表示が正しい" time="0.091">
    </testcase>
    <testcase classname="NewPlanPage" name="ローディング中はスピナーが表示される" time="0.789">
    </testcase>
    <testcase classname="NewPlanPage" name="エラーが発生した場合はエラーメッセージが表示される" time="0.683">
    </testcase>
    <testcase classname="NewPlanPage" name="APIからエラーレスポンスが返された場合はエラーメッセージが表示される" time="0.702">
    </testcase>
    <testcase classname="NewPlanPage" name="プラン作成が成功した場合はプラン一覧ページに遷移する" time="0.722">
    </testcase>
    <testcase classname="NewPlanPage" name="キャンセルボタンをクリックすると前のページに戻る" time="0.078">
    </testcase>
  </testsuite>
  <testsuite name="tests\unit\app\(dashboard)\plans\new\page.test.tsx" errors="0" failures="0" skipped="0" timestamp="2025-06-15T06:32:33" time="4.301" tests="6">
    <testcase classname="NewPlanPage" name="フォームの初期表示が正しい" time="0.087">
    </testcase>
    <testcase classname="NewPlanPage" name="ローディング中はスピナーが表示される" time="0.803">
    </testcase>
    <testcase classname="NewPlanPage" name="エラーが発生した場合はエラーメッセージが表示される" time="0.708">
    </testcase>
    <testcase classname="NewPlanPage" name="APIからエラーレスポンスが返された場合はエラーメッセージが表示される" time="0.726">
    </testcase>
    <testcase classname="NewPlanPage" name="プラン作成が成功した場合はプラン一覧ページに遷移する" time="0.69">
    </testcase>
    <testcase classname="NewPlanPage" name="キャンセルボタンをクリックすると前のページに戻る" time="0.078">
    </testcase>
  </testsuite>
  <testsuite name="tests\unit\app\(auth)\verify-email\verify-email.test.tsx" errors="0" failures="0" skipped="0" timestamp="2025-06-15T06:32:37" time="0.266" tests="2">
    <testcase classname="VerifyEmailPage コンポーネント" name="メールアドレスが渡された場合、そのメールアドレスを表示すること" time="0.011">
    </testcase>
    <testcase classname="VerifyEmailPage コンポーネント" name="メールアドレスが渡されない場合、確認メール送信時のテキストが表示されること" time="0.004">
    </testcase>
  </testsuite>
  <testsuite name="tests\unit\app\layout.test.tsx" errors="0" failures="0" skipped="0" timestamp="2025-06-15T06:32:37" time="0.301" tests="2">
    <testcase classname="RootLayout コンポーネント" name="子コンポーネントを正しくレンダリングする" time="0.015">
    </testcase>
    <testcase classname="RootLayout コンポーネント" name="メタデータが正しく設定されている" time="0.001">
    </testcase>
  </testsuite>
  <testsuite name="tests\unit\app\api\auth\reset-password\reset-password.test.tsx" errors="0" failures="0" skipped="0" timestamp="2025-06-15T06:32:37" time="0.318" tests="5">
    <testcase classname="POST /api/auth/reset-password" name="パスワードリセットメールを正常に送信" time="0.01">
    </testcase>
    <testcase classname="POST /api/auth/reset-password" name="Supabaseからエラーが返された場合、400エラーを返す" time="0.012">
    </testcase>
    <testcase classname="POST /api/auth/reset-password" name="予期せぬエラーが発生した場合、500エラーを返す" time="0.005">
    </testcase>
    <testcase classname="POST /api/auth/reset-password" name="メールアドレスが提供されていない場合、400エラーを返す" time="0.002">
    </testcase>
    <testcase classname="POST /api/auth/reset-password" name="NEXT_PUBLIC_APP_URLが設定されていない場合、500エラーを返す" time="0.004">
    </testcase>
  </testsuite>
  <testsuite name="tests\unit\app\api\plans\[id]\likes\likesplan.test.tsx" errors="0" failures="0" skipped="0" timestamp="2025-06-15T06:32:37" time="0.317" tests="9">
    <testcase classname="plans/[id]/likes API › POST /api/plans/[id]/likes" name="いいねを正常に作成" time="0.008">
    </testcase>
    <testcase classname="plans/[id]/likes API › POST /api/plans/[id]/likes" name="プランが存在しない場合、404エラーを返す" time="0.003">
    </testcase>
    <testcase classname="plans/[id]/likes API › POST /api/plans/[id]/likes" name="既にいいね済みの場合、400エラーを返す" time="0.009">
    </testcase>
    <testcase classname="plans/[id]/likes API › DELETE /api/plans/[id]/likes" name="いいねを正常に削除" time="0.002">
    </testcase>
    <testcase classname="plans/[id]/likes API › DELETE /api/plans/[id]/likes" name="いいねが存在しない場合、404エラーを返す" time="0.004">
    </testcase>
    <testcase classname="plans/[id]/likes API › 共通のエラー処理" name="POST: 認証トークンがない場合、401エラーを返す" time="0.002">
    </testcase>
    <testcase classname="plans/[id]/likes API › 共通のエラー処理" name="POST: ユーザーが見つからない場合、401エラーを返す" time="0.002">
    </testcase>
    <testcase classname="plans/[id]/likes API › 共通のエラー処理" name="DELETE: 認証トークンがない場合、401エラーを返す" time="0.001">
    </testcase>
    <testcase classname="plans/[id]/likes API › 共通のエラー処理" name="DELETE: ユーザーが見つからない場合、401エラーを返す" time="0.001">
    </testcase>
  </testsuite>
  <testsuite name="tests\unit\app\(dashboard)\dashboardlayout.test.tsx" errors="0" failures="0" skipped="0" timestamp="2025-06-15T06:32:37" time="0.334" tests="1">
    <testcase classname="DashboardLayout コンポーネント" name="子要素と Navbar を正しくレンダリングする" time="0.006">
    </testcase>
  </testsuite>
  <testsuite name="tests\unit\components\features\auth\AuthGuard.test.tsx" errors="0" failures="0" skipped="0" timestamp="2025-06-15T06:32:37" time="0.357" tests="2">
    <testcase classname="AuthGuard" name="ローディング中はスピナーを表示する" time="0.015">
    </testcase>
    <testcase classname="AuthGuard" name="ローディング完了後に子コンポーネントを表示する" time="0.003">
    </testcase>
  </testsuite>
  <testsuite name="tests\unit\hooks\useRequireAuth.test.ts" errors="0" failures="0" skipped="0" timestamp="2025-06-15T06:32:37" time="0.343" tests="5">
    <testcase classname="useRequireAuth" name="ローディング中は何もしない" time="0.004">
    </testcase>
    <testcase classname="useRequireAuth" name="認証済みユーザーの場合、リダイレクトしない" time="0.002">
    </testcase>
    <testcase classname="useRequireAuth" name="未認証の場合、ホームページにリダイレクト" time="0.002">
    </testcase>
    <testcase classname="useRequireAuth" name="認証状態が変更された場合、適切に処理" time="0.003">
    </testcase>
    <testcase classname="useRequireAuth" name="ユーザー情報とローディング状態を返す" time="0.002">
    </testcase>
  </testsuite>
  <testsuite name="tests\unit\app\(auth)\authLayout.test.tsx" errors="0" failures="0" skipped="0" timestamp="2025-06-15T06:32:37" time="0.31" tests="2">
    <testcase classname="AuthLayout コンポーネント" name="子コンポーネントが正常にレンダリングされる" time="0.005">
    </testcase>
    <testcase classname="AuthLayout コンポーネント" name="metadata が正しくエクスポートされている" time="0">
    </testcase>
  </testsuite>
  <testsuite name="tests\unit\app\api\auth\signup\signup.test.tsx" errors="0" failures="0" skipped="0" timestamp="2025-06-15T06:32:38" time="0.259" tests="6">
    <testcase classname="POST /api/auth/signup" name="正常にユーザー登録を完了" time="0.007">
    </testcase>
    <testcase classname="POST /api/auth/signup" name="パスワードが6文字未満の場合、400エラーを返す" time="0.002">
    </testcase>
    <testcase classname="POST /api/auth/signup" name="無効なメールアドレスの場合、400エラーを返す" time="0.002">
    </testcase>
    <testcase classname="POST /api/auth/signup" name="Supabase認証エラーの場合、400エラーを返す" time="0.001">
    </testcase>
    <testcase classname="POST /api/auth/signup" name="メールアドレスが既に登録されている場合、400エラーを返す" time="0.002">
    </testcase>
    <testcase classname="POST /api/auth/signup" name="予期せぬエラーの場合、500エラーを返す" time="0.012">
    </testcase>
  </testsuite>
  <testsuite name="tests\unit\app\api\account\route.test.ts" errors="0" failures="0" skipped="0" timestamp="2025-06-15T06:32:37" time="0.413" tests="6">
    <testcase classname="DELETE /api/account" name="正常にアカウントを削除できる" time="0.06">
    </testcase>
    <testcase classname="DELETE /api/account" name="認証ヘッダーがない場合は401エラーを返す" time="0.002">
    </testcase>
    <testcase classname="DELETE /api/account" name="認証エラーの場合は401エラーを返す" time="0.002">
    </testcase>
    <testcase classname="DELETE /api/account" name="ユーザーが見つからない場合は404エラーを返す" time="0.003">
    </testcase>
    <testcase classname="DELETE /api/account" name="データベースエラーの場合は400エラーを返す" time="0.004">
    </testcase>
    <testcase classname="DELETE /api/account" name="予期せぬエラーの場合は500エラーを返す" time="0.001">
    </testcase>
  </testsuite>
  <testsuite name="tests\unit\app\api\account\account.test.tsx" errors="0" failures="0" skipped="0" timestamp="2025-06-15T06:32:38" time="0.226" tests="6">
    <testcase classname="DELETE /api/account" name="アカウントを正常に削除" time="0.01">
    </testcase>
    <testcase classname="DELETE /api/account" name="認証トークンがない場合、401エラーを返す" time="0.005">
    </testcase>
    <testcase classname="DELETE /api/account" name="ユーザーが見つからない場合、401エラーを返す" time="0.008">
    </testcase>
    <testcase classname="DELETE /api/account" name="Supabase削除エラーの場合、400エラーを返す" time="0.009">
    </testcase>
    <testcase classname="DELETE /api/account" name="データベース操作でエラーが発生した場合、400エラーを返す" time="0.004">
    </testcase>
    <testcase classname="DELETE /api/account" name="予期せぬエラーの場合、500エラーを返す" time="0.003">
    </testcase>
  </testsuite>
  <testsuite name="tests\unit\app\api\contact\route.test.ts" errors="0" failures="0" skipped="0" timestamp="2025-06-15T06:32:38" time="0.237" tests="13">
    <testcase classname="/api/contact › POST" name="有効なデータで正常にレスポンスを返し、メールを送信する" time="0.011">
    </testcase>
    <testcase classname="/api/contact › POST" name="RESEND_API_KEYが設定されていない場合にエラーを返す" time="0.002">
    </testcase>
    <testcase classname="/api/contact › POST" name="管理者メール送信エラーの場合にエラーを返す" time="0.002">
    </testcase>
    <testcase classname="/api/contact › POST" name="自動返信メールエラーでも管理者メールが成功すれば成功レスポンスを返す" time="0.003">
    </testcase>
    <testcase classname="/api/contact › POST" name="Resend例外が発生した場合にエラーを返す" time="0.003">
    </testcase>
    <testcase classname="/api/contact › POST" name="必須項目が不足している場合にエラーを返す" time="0.001">
    </testcase>
    <testcase classname="/api/contact › POST" name="無効なメールアドレス形式でエラーを返す" time="0.002">
    </testcase>
    <testcase classname="/api/contact › POST" name="各必須項目が空文字列の場合にエラーを返す" time="0">
    </testcase>
    <testcase classname="/api/contact › POST" name="JSONパースエラーが発生した場合にエラーを返す" time="0.001">
    </testcase>
    <testcase classname="/api/contact › POST" name="様々なメールアドレス形式のバリデーション" time="0.009">
    </testcase>
    <testcase classname="/api/contact › POST" name="日本語文字を含むデータを正しく処理し、メールに含める" time="0.003">
    </testcase>
    <testcase classname="/api/contact › POST" name="デフォルト値を使用してメールを送信する" time="0.004">
    </testcase>
    <testcase classname="/api/contact › GET" name="GETメソッドに対してエラーを返す" time="0.001">
    </testcase>
  </testsuite>
  <testsuite name="tests\unit\lib\utils.test.ts" errors="0" failures="0" skipped="0" timestamp="2025-06-15T06:32:38" time="0.24" tests="8">
    <testcase classname="utils › cn" name="クラス名を正しく結合する" time="0.004">
    </testcase>
    <testcase classname="utils › formatDate" name="日付を正しくフォーマットする" time="0">
    </testcase>
    <testcase classname="utils › formatDate" name="文字列の日付を正しくフォーマットする" time="0">
    </testcase>
    <testcase classname="utils › formatDate" name="無効な日付の場合は空文字を返す" time="0.001">
    </testcase>
    <testcase classname="utils › auth" name="有効なトークンで認証に成功する" time="0.003">
    </testcase>
    <testcase classname="utils › auth" name="認証ヘッダーがない場合はnullを返す" time="0.002">
    </testcase>
    <testcase classname="utils › auth" name="無効なトークンの場合はnullを返す" time="0">
    </testcase>
    <testcase classname="utils › auth" name="エラーが発生した場合はnullを返す" time="0.011">
    </testcase>
  </testsuite>
  <testsuite name="tests\unit\lib\api\places.test.ts" errors="0" failures="0" skipped="0" timestamp="2025-06-15T06:32:38" time="0.218" tests="14">
    <testcase classname="places API › getCurrentPosition" name="正常に位置情報を取得できる" time="0.002">
    </testcase>
    <testcase classname="places API › getCurrentPosition" name="navigator.geolocationがサポートされていない場合エラーをスローする" time="0.01">
    </testcase>
    <testcase classname="places API › getCurrentPosition" name="位置情報の取得に失敗した場合エラーをスローする" time="0.002">
    </testcase>
    <testcase classname="places API › searchToilets" name="正常にお手洗いデータを取得できる" time="0.002">
    </testcase>
    <testcase classname="places API › searchToilets" name="APIレスポンスが失敗の場合フォールバックデータを返す" time="0.007">
    </testcase>
    <testcase classname="places API › searchToilets" name="ネットワークエラーの場合フォールバックデータを返す" time="0.003">
    </testcase>
    <testcase classname="places API › searchToilets" name="空のレスポンスの場合空配列を返す" time="0">
    </testcase>
    <testcase classname="places API › searchToilets" name="無効な座標の要素を除外する" time="0.001">
    </testcase>
    <testcase classname="places API › searchToilets" name="距離順にソートされる" time="0.001">
    </testcase>
    <testcase classname="places API › getFallbackToilets" name="フォールバックトイレデータを正しく返す" time="0.015">
    </testcase>
    <testcase classname="places API › getFallbackToilets" name="距離順にソートされている" time="0.002">
    </testcase>
    <testcase classname="places API › getFallbackToilets" name="異なる位置での距離計算が正しく動作する" time="0.001">
    </testcase>
    <testcase classname="places API › getGoogleMapsUrl" name="正しいGoogle MapsのURLを生成する" time="0">
    </testcase>
    <testcase classname="places API › getGoogleMapsUrl" name="特殊文字を含む名前を正しくエンコードする" time="0">
    </testcase>
  </testsuite>
  <testsuite name="tests\unit\lib\data\conversationTopics.test.ts" errors="0" failures="0" skipped="0" timestamp="2025-06-15T06:32:38" time="0.217" tests="27">
    <testcase classname="conversationTopics › conversationTopics data" name="conversationTopicsが配列であること" time="0.001">
    </testcase>
    <testcase classname="conversationTopics › conversationTopics data" name="すべてのトピックが必要なプロパティを持つこと" time="0.023">
    </testcase>
    <testcase classname="conversationTopics › conversationTopics data" name="すべてのIDが一意であること" time="0.001">
    </testcase>
    <testcase classname="conversationTopics › conversationTopics data" name="少なくとも1つのトピックが存在すること" time="0">
    </testcase>
    <testcase classname="conversationTopics › conversationTopics data" name="すべてのカテゴリがcategories配列に含まれること" time="0.001">
    </testcase>
    <testcase classname="conversationTopics › getTopicsByCategory" name="指定されたカテゴリのトピックのみを返すこと" time="0">
    </testcase>
    <testcase classname="conversationTopics › getTopicsByCategory" name="存在しないカテゴリの場合は空配列を返すこと" time="0.001">
    </testcase>
    <testcase classname="conversationTopics › getTopicsByCategory" name="各カテゴリに対して正しいトピックを返すこと" time="0.003">
    </testcase>
    <testcase classname="conversationTopics › getTopicsByCategory" name="空文字のカテゴリの場合は空配列を返すこと" time="0">
    </testcase>
    <testcase classname="conversationTopics › getRandomTopic" name="有効なトピックを返すこと" time="0">
    </testcase>
    <testcase classname="conversationTopics › getRandomTopic" name="複数回呼び出しても有効なトピックを返すこと" time="0.002">
    </testcase>
    <testcase classname="conversationTopics › getRandomTopic" name="ランダム性をテストする（統計的テスト）" time="0.001">
    </testcase>
    <testcase classname="conversationTopics › getRandomTopicByCategory" name="カテゴリが指定された場合、そのカテゴリのトピックを返すこと" time="0">
    </testcase>
    <testcase classname="conversationTopics › getRandomTopicByCategory" name="存在しないカテゴリの場合、undefinedを返すこと" time="0">
    </testcase>
    <testcase classname="conversationTopics › getRandomTopicByCategory" name="カテゴリが指定されていない場合、任意のトピックを返すこと" time="0.001">
    </testcase>
    <testcase classname="conversationTopics › getRandomTopicByCategory" name="undefined が渡された場合、任意のトピックを返すこと" time="0">
    </testcase>
    <testcase classname="conversationTopics › getRandomTopicByCategory" name="各カテゴリで正しく動作すること" time="0.001">
    </testcase>
    <testcase classname="conversationTopics › getRandomTopicByCategory" name="空文字のカテゴリの場合、任意のトピックを返すこと" time="0">
    </testcase>
    <testcase classname="conversationTopics › categories" name="categories配列が定義されていること" time="0.001">
    </testcase>
    <testcase classname="conversationTopics › categories" name="少なくとも1つのカテゴリが存在すること" time="0">
    </testcase>
    <testcase classname="conversationTopics › categories" name="すべてのカテゴリが文字列であること" time="0.001">
    </testcase>
    <testcase classname="conversationTopics › categories" name="カテゴリが一意であること" time="0">
    </testcase>
    <testcase classname="conversationTopics › categories" name="期待されるカテゴリが含まれていること" time="0.001">
    </testcase>
    <testcase classname="conversationTopics › データの整合性" name="すべてのカテゴリに対してトピックが存在すること" time="0.001">
    </testcase>
    <testcase classname="conversationTopics › データの整合性" name="トピック内で使用されているカテゴリがすべてcategories配列に含まれること" time="0.001">
    </testcase>
    <testcase classname="conversationTopics › データの整合性" name="questionフィールドが空でないこと" time="0.003">
    </testcase>
    <testcase classname="conversationTopics › データの整合性" name="idフィールドが有効な形式であること" time="0.001">
    </testcase>
  </testsuite>
  <testsuite name="tests\unit\app\api\auth\login\login.test.tsx" errors="0" failures="0" skipped="0" timestamp="2025-06-15T06:32:38" time="0.184" tests="3">
    <testcase classname="ログインAPI統合テスト" name="有効な認証情報でログインできる" time="0.002">
    </testcase>
    <testcase classname="ログインAPI統合テスト" name="無効な認証情報で401エラーを返す" time="0.003">
    </testcase>
    <testcase classname="ログインAPI統合テスト" name="無効なリクエストで500エラーを返す" time="0.001">
    </testcase>
  </testsuite>
  <testsuite name="tests\unit\app\api\profile\[userId]\profileuserId.test.tsx" errors="0" failures="0" skipped="0" timestamp="2025-06-15T06:32:38" time="0.206" tests="8">
    <testcase classname="GET /api/profile/[userId]" name="認証されていない場合、401エラーを返す" time="0.002">
    </testcase>
    <testcase classname="GET /api/profile/[userId]" name="ユーザー認証に失敗した場合、401エラーを返す" time="0.001">
    </testcase>
    <testcase classname="GET /api/profile/[userId]" name="ユーザーがnullの場合、401エラーを返す" time="0.001">
    </testcase>
    <testcase classname="GET /api/profile/[userId]" name="プロフィール取得に成功した場合、プロフィールデータを返す" time="0.001">
    </testcase>
    <testcase classname="GET /api/profile/[userId]" name="プロフィールが見つからない場合、404エラーを返す" time="0.001">
    </testcase>
    <testcase classname="GET /api/profile/[userId]" name="Prismaでエラーが発生した場合、500エラーを返す" time="0.001">
    </testcase>
    <testcase classname="GET /api/profile/[userId]" name="非Errorオブジェクトのエラーの場合も適切に処理される" time="0.002">
    </testcase>
    <testcase classname="GET /api/profile/[userId]" name="paramsの取得中にエラーが発生した場合、500エラーを返す" time="0.001">
    </testcase>
  </testsuite>
  <testsuite name="tests\unit\app\api\profile\profileapi.test.tsx" errors="0" failures="0" skipped="0" timestamp="2025-06-15T06:32:38" time="0.3" tests="9">
    <testcase classname="PUT /api/profile" name="認証されていない場合、401エラーを返す" time="0.004">
    </testcase>
    <testcase classname="PUT /api/profile" name="ユーザー認証に失敗した場合、401エラーを返す" time="0.002">
    </testcase>
    <testcase classname="PUT /api/profile" name="プロフィール更新に成功した場合、更新されたプロフィールを返す" time="0.002">
    </testcase>
    <testcase classname="PUT /api/profile" name="プロフィール更新に失敗した場合、500エラーを返す" time="0.048">
    </testcase>
    <testcase classname="GET /api/profile" name="認証ヘッダーがない場合、401エラーを返す" time="0.001">
    </testcase>
    <testcase classname="GET /api/profile" name="ユーザー認証に失敗した場合、401エラーを返す" time="0.001">
    </testcase>
    <testcase classname="GET /api/profile" name="プロフィールが見つからない場合、404エラーを返す" time="0.001">
    </testcase>
    <testcase classname="GET /api/profile" name="プロフィール取得に成功した場合、プロフィール情報を返す" time="0.002">
    </testcase>
    <testcase classname="GET /api/profile" name="データベースエラーが発生した場合、500エラーを返す" time="0.007">
    </testcase>
  </testsuite>
  <testsuite name="tests\unit\app\api\plans\public\publicplans.test.tsx" errors="0" failures="0" skipped="0" timestamp="2025-06-15T06:32:38" time="0.187" tests="4">
    <testcase classname="GET /api/plans/public" name="公開プラン一覧を正常に取得" time="0.002">
    </testcase>
    <testcase classname="GET /api/plans/public" name="認証トークンがない場合でも公開プランを取得できる" time="0.001">
    </testcase>
    <testcase classname="GET /api/plans/public" name="ユーザーが見つからない場合でも公開プランを取得できる" time="0">
    </testcase>
    <testcase classname="GET /api/plans/public" name="予期せぬエラーの場合、500エラーを返す" time="0.006">
    </testcase>
  </testsuite>
  <testsuite name="tests\unit\lib\validation.test.ts" errors="0" failures="0" skipped="0" timestamp="2025-06-15T06:32:38" time="0.185" tests="15">
    <testcase classname="validation › sanitizeHtml" name="HTMLタグを除去する" time="0.006">
    </testcase>
    <testcase classname="validation › sanitizeHtml" name="属性も除去する" time="0.004">
    </testcase>
    <testcase classname="validation › validateInput" name="SQLインジェクション攻撃を検出する" time="0">
    </testcase>
    <testcase classname="validation › validateInput" name="正常な入力を許可する" time="0.001">
    </testcase>
    <testcase classname="validation › validateEmail" name="有効なメールアドレスを認識する" time="0">
    </testcase>
    <testcase classname="validation › validateEmail" name="無効なメールアドレスを拒否する" time="0">
    </testcase>
    <testcase classname="validation › validateEmail" name="長すぎるメールアドレスを拒否する" time="0.001">
    </testcase>
    <testcase classname="validation › validatePassword" name="強いパスワードを承認する" time="0.001">
    </testcase>
    <testcase classname="validation › validatePassword" name="弱いパスワードを拒否し、適切なエラーメッセージを返す" time="0.001">
    </testcase>
    <testcase classname="validation › validateUrl" name="有効なURLを認識する" time="0.001">
    </testcase>
    <testcase classname="validation › validateUrl" name="無効なURLを拒否する" time="0">
    </testcase>
    <testcase classname="validation › validateStringLength" name="長さ制限内の文字列を承認する" time="0.001">
    </testcase>
    <testcase classname="validation › validateStringLength" name="長すぎる文字列を拒否する" time="0">
    </testcase>
    <testcase classname="validation › validateStringLength" name="短すぎる文字列を拒否する" time="0">
    </testcase>
    <testcase classname="validation › escapeHtml" name="HTMLエスケープを正しく行う" time="0.001">
    </testcase>
  </testsuite>
  <testsuite name="tests\unit\lib\util.test.ts" errors="0" failures="0" skipped="0" timestamp="2025-06-15T06:32:38" time="0.175" tests="15">
    <testcase classname="utils › cn" name="単一のクラス名を処理" time="0.003">
    </testcase>
    <testcase classname="utils › cn" name="複数のクラス名を結合" time="0">
    </testcase>
    <testcase classname="utils › cn" name="条件付きクラスを処理" time="0">
    </testcase>
    <testcase classname="utils › cn" name="オブジェクト形式のクラスを処理" time="0.001">
    </testcase>
    <testcase classname="utils › cn" name="Tailwindのクラスを適切にマージ" time="0">
    </testcase>
    <testcase classname="utils › cn" name="異なる型の引数を組み合わせて処理" time="0">
    </testcase>
    <testcase classname="utils › formatDate" name="日付文字列を日本語形式でフォーマット" time="0.001">
    </testcase>
    <testcase classname="utils › formatDate" name="Dateオブジェクトを日本語形式でフォーマット" time="0">
    </testcase>
    <testcase classname="utils › formatDate" name="nullやundefinedの場合は空文字を返す" time="0">
    </testcase>
    <testcase classname="utils › formatDate" name="無効な日付の場合は空文字を返す" time="0.001">
    </testcase>
    <testcase classname="utils › formatDate" name="正しい日付文字列を返す" time="0">
    </testcase>
    <testcase classname="utils › formatDate" name="無効な入力の場合は空文字を返す" time="0">
    </testcase>
    <testcase classname="utils › auth" name="有効なトークンの場合、トークンを返す" time="0">
    </testcase>
    <testcase classname="utils › auth" name="認証ヘッダーがない場合、nullを返す" time="0.001">
    </testcase>
    <testcase classname="utils › auth" name="無効なトークンの場合、nullを返す" time="0.001">
    </testcase>
  </testsuite>
  <testsuite name="tests\unit\lib\api.test.tsx" errors="0" failures="0" skipped="0" timestamp="2025-06-15T06:32:38" time="0.188" tests="38">
    <testcase classname="api › auth" name="ログインリクエストを送信" time="0.002">
    </testcase>
    <testcase classname="api › auth" name="ログイン失敗時のエラーレスポンスを処理" time="0.001">
    </testcase>
    <testcase classname="api › auth" name="サインアップリクエストを送信" time="0.001">
    </testcase>
    <testcase classname="api › auth" name="サインアップ失敗時のエラーレスポンスを処理" time="0">
    </testcase>
    <testcase classname="api › auth" name="サインアップ時のネットワークエラーを処理" time="0.001">
    </testcase>
    <testcase classname="api › profile" name="プロフィール情報を取得" time="0.001">
    </testcase>
    <testcase classname="api › profile" name="プロフィール取得失敗時のエラーレスポンスを処理" time="0">
    </testcase>
    <testcase classname="api › profile" name="プロフィール取得時のネットワークエラーを処理" time="0">
    </testcase>
    <testcase classname="api › profile" name="プロフィール情報を更新" time="0.006">
    </testcase>
    <testcase classname="api › profile" name="プロフィール更新失敗時のエラーレスポンスを処理" time="0">
    </testcase>
    <testcase classname="api › profile" name="プロフィール更新時のネットワークエラーを処理" time="0.001">
    </testcase>
    <testcase classname="api › plans" name="プラン一覧を取得" time="0.001">
    </testcase>
    <testcase classname="api › plans" name="プラン一覧取得失敗時のエラーレスポンスを処理" time="0.001">
    </testcase>
    <testcase classname="api › plans" name="プラン一覧取得時のネットワークエラーを処理" time="0">
    </testcase>
    <testcase classname="api › plans" name="プランを作成" time="0.001">
    </testcase>
    <testcase classname="api › plans" name="プラン作成時のエラーハンドリング" time="0.001">
    </testcase>
    <testcase classname="api › plans" name="プラン作成時のレスポンスエラーを処理" time="0.001">
    </testcase>
    <testcase classname="api › plans" name="特定のプランを取得" time="0">
    </testcase>
    <testcase classname="api › plans" name="プラン取得失敗時のエラーレスポンスを処理" time="0.001">
    </testcase>
    <testcase classname="api › plans" name="プラン取得時のネットワークエラーを処理" time="0">
    </testcase>
    <testcase classname="api › plans" name="プランを更新" time="0.001">
    </testcase>
    <testcase classname="api › plans" name="プラン更新失敗時のエラーレスポンスを処理" time="0">
    </testcase>
    <testcase classname="api › plans" name="プラン更新時のネットワークエラーを処理" time="0.001">
    </testcase>
    <testcase classname="api › plans" name="プランを削除" time="0">
    </testcase>
    <testcase classname="api › plans" name="プラン削除失敗時のエラーレスポンスを処理" time="0">
    </testcase>
    <testcase classname="api › plans" name="プラン削除時のネットワークエラーを処理" time="0.001">
    </testcase>
    <testcase classname="api › plans" name="公開プラン一覧を取得" time="0">
    </testcase>
    <testcase classname="api › plans" name="公開プラン一覧取得失敗時のエラーレスポンスを処理" time="0.001">
    </testcase>
    <testcase classname="api › plans" name="公開プラン一覧取得時のネットワークエラーを処理" time="0">
    </testcase>
    <testcase classname="api › plans" name="プランの公開設定を更新" time="0.001">
    </testcase>
    <testcase classname="api › plans" name="プラン公開設定更新失敗時のエラーレスポンスを処理" time="0.001">
    </testcase>
    <testcase classname="api › plans" name="プラン公開設定更新時のネットワークエラーを処理" time="0">
    </testcase>
    <testcase classname="api › likes" name="いいねを作成" time="0.001">
    </testcase>
    <testcase classname="api › likes" name="いいね作成失敗時のエラーレスポンスを処理" time="0">
    </testcase>
    <testcase classname="api › likes" name="いいね作成時のネットワークエラーを処理" time="0.001">
    </testcase>
    <testcase classname="api › likes" name="いいねを削除" time="0">
    </testcase>
    <testcase classname="api › likes" name="いいね削除失敗時のエラーレスポンスを処理" time="0.001">
    </testcase>
    <testcase classname="api › likes" name="いいね削除時のネットワークエラーを処理" time="0">
    </testcase>
  </testsuite>
  <testsuite name="tests\unit\lib\api\profile.test.ts" errors="0" failures="0" skipped="0" timestamp="2025-06-15T06:32:38" time="0.177" tests="12">
    <testcase classname="profileApi › fetchUserProfile" name="プロフィール取得に成功した場合、プロフィールデータを返す" time="0.002">
    </testcase>
    <testcase classname="profileApi › fetchUserProfile" name="プロフィール取得に失敗した場合、エラーを返す" time="0.008">
    </testcase>
    <testcase classname="profileApi › fetchUserProfile" name="ネットワークエラーの場合、エラーを返す" time="0.001">
    </testcase>
    <testcase classname="profileApi › updateProfile" name="プロフィール更新に成功した場合、更新されたプロフィールを返す" time="0">
    </testcase>
    <testcase classname="profileApi › updateProfile" name="プロフィール更新に失敗した場合、エラーを返す" time="0.001">
    </testcase>
    <testcase classname="profileApi › updateProfile" name="ネットワークエラーの場合、エラーを返す" time="0.001">
    </testcase>
    <testcase classname="profileApi › fetchProfile" name="プロフィール取得に成功した場合、プロフィールデータを返す" time="0">
    </testcase>
    <testcase classname="profileApi › fetchProfile" name="プロフィール取得に失敗した場合、エラーを返す" time="0.001">
    </testcase>
    <testcase classname="profileApi › fetchProfile" name="ネットワークエラーの場合、エラーを返す" time="0">
    </testcase>
    <testcase classname="profileApi › deleteAccount" name="アカウント削除に成功した場合、成功メッセージを返す" time="0.001">
    </testcase>
    <testcase classname="profileApi › deleteAccount" name="アカウント削除に失敗した場合、エラーを返す" time="0.001">
    </testcase>
    <testcase classname="profileApi › deleteAccount" name="ネットワークエラーの場合、エラーを返す" time="0.001">
    </testcase>
  </testsuite>
  <testsuite name="tests\unit\app\api\plans\plans.test.tsx" errors="0" failures="0" skipped="0" timestamp="2025-06-15T06:32:38" time="0.181" tests="9">
    <testcase classname="plans API › GET /api/plans" name="プラン一覧を正常に取得" time="0.003">
    </testcase>
    <testcase classname="plans API › GET /api/plans" name="認証トークンがない場合、401エラーを返す" time="0.001">
    </testcase>
    <testcase classname="plans API › GET /api/plans" name="ユーザーが見つからない場合、401エラーを返す" time="0.001">
    </testcase>
    <testcase classname="plans API › GET /api/plans" name="Supabaseエラーの場合、401エラーを返す" time="0.001">
    </testcase>
    <testcase classname="plans API › GET /api/plans" name="Prismaエラーの場合、500エラーを返す" time="0.001">
    </testcase>
    <testcase classname="plans API › GET /api/plans" name="非Errorオブジェクトのエラーの場合も適切に処理される" time="0.001">
    </testcase>
    <testcase classname="plans API › POST /api/plans" name="プランを正常に作成" time="0.002">
    </testcase>
    <testcase classname="plans API › POST /api/plans" name="無効なリクエストデータの場合は400エラーを返す" time="0.001">
    </testcase>
    <testcase classname="plans API › POST /api/plans" name="Prismaエラーの場合は500エラーを返す" time="0.005">
    </testcase>
  </testsuite>
  <testsuite name="tests\unit\app\api\plans\[id]\publish\publishplan.test.tsx" errors="0" failures="0" skipped="0" timestamp="2025-06-15T06:32:38" time="0.191" tests="5">
    <testcase classname="plans/[id]/publish API" name="プランの公開設定を正常に更新" time="0.003">
    </testcase>
    <testcase classname="plans/[id]/publish API" name="不正な公開設定値の場合、400エラーを返す" time="0.001">
    </testcase>
    <testcase classname="plans/[id]/publish API" name="認証トークンがない場合、401エラーを返す" time="0.001">
    </testcase>
    <testcase classname="plans/[id]/publish API" name="ユーザーが見つからない場合、401エラーを返す" time="0.001">
    </testcase>
    <testcase classname="plans/[id]/publish API" name="プランの更新に失敗した場合、500エラーを返す" time="0.011">
    </testcase>
  </testsuite>
  <testsuite name="tests\unit\app\api\plans\[id]\plandetailes.test.tsx" errors="0" failures="0" skipped="0" timestamp="2025-06-15T06:32:38" time="0.21" tests="10">
    <testcase classname="plans/[id] API › GET /api/plans/[id]" name="プランを正常に取得" time="0.005">
    </testcase>
    <testcase classname="plans/[id] API › GET /api/plans/[id]" name="プランが見つからない場合、404エラーを返す" time="0.001">
    </testcase>
    <testcase classname="plans/[id] API › PUT /api/plans/[id]" name="プランを正常に更新" time="0.004">
    </testcase>
    <testcase classname="plans/[id] API › DELETE /api/plans/[id]" name="プランを正常に削除" time="0.001">
    </testcase>
    <testcase classname="plans/[id] API › 共通のエラー処理" name="GET: 認証トークンがない場合、401エラーを返す" time="0.001">
    </testcase>
    <testcase classname="plans/[id] API › 共通のエラー処理" name="GET: ユーザーが見つからない場合、401エラーを返す" time="0.001">
    </testcase>
    <testcase classname="plans/[id] API › 共通のエラー処理" name="PUT: 認証トークンがない場合、401エラーを返す" time="0.001">
    </testcase>
    <testcase classname="plans/[id] API › 共通のエラー処理" name="PUT: ユーザーが見つからない場合、401エラーを返す" time="0">
    </testcase>
    <testcase classname="plans/[id] API › 共通のエラー処理" name="DELETE: 認証トークンがない場合、401エラーを返す" time="0.001">
    </testcase>
    <testcase classname="plans/[id] API › 共通のエラー処理" name="DELETE: ユーザーが見つからない場合、401エラーを返す" time="0.001">
    </testcase>
  </testsuite>
  <testsuite name="tests\unit\lib\db.test.tsx" errors="0" failures="0" skipped="0" timestamp="2025-06-15T06:32:38" time="0.13" tests="1">
    <testcase classname="db" name="Prismaクライアントをシングルトンとして管理" time="0.003">
    </testcase>
  </testsuite>
  <testsuite name="tests\unit\lib\supabase-auth.test.ts" errors="0" failures="0" skipped="0" timestamp="2025-06-15T06:32:38" time="0.131" tests="2">
    <testcase classname="supabase-auth" name="環境変数が設定されている場合、Supabaseクライアントを作成" time="0.002">
    </testcase>
    <testcase classname="supabase-auth" name="環境変数が設定されていない場合、エラーを投げる" time="0.004">
    </testcase>
  </testsuite>
</testsuites>